../Core/Src/main.c:145:6:Build_SineLUT	16	static
../Core/Src/main.c:151:21:fast_sin	24	static
../Core/Src/main.c:166:6:Bell_SetParams	32	static
../Core/Src/main.c:178:6:Fill_Buffer_Half	120	static
../Core/Src/main.c:274:6:Start_Bell_Playback	64	static
../Core/Src/main.c:398:6:Stop_Bell_Playback	8	static
../Core/Src/main.c:407:6:HAL_DAC_ConvHalfCpltCallbackCh1	16	static
../Core/Src/main.c:415:6:HAL_DAC_ConvCpltCallbackCh1	16	static
../Core/Src/main.c:431:5:main	8	static
../Core/Src/main.c:496:6:SystemClock_Config	88	static
../Core/Src/main.c:545:13:MX_DAC_Init	16	static
../Core/Src/main.c:592:13:MX_SDIO_SD_Init	4	static
../Core/Src/main.c:620:13:MX_TIM6_Init	16	static
../Core/Src/main.c:658:13:MX_USART2_UART_Init	8	static
../Core/Src/main.c:691:13:MX_USART3_UART_Init	8	static
../Core/Src/main.c:722:13:MX_DMA_Init	16	static
../Core/Src/main.c:740:13:MX_GPIO_Init	48	static
../Core/Src/main.c:794:6:Error_Handler	4	static,ignoring_inline_asm
