../Core/Src/main.c:145:6:Build_SineLUT	2
../Core/Src/main.c:151:21:fast_sin	1
../Core/Src/main.c:166:6:Bell_SetParams	1
../Core/Src/main.c:178:6:Fill_Buffer_Half	9
../Core/Src/main.c:274:6:Start_Bell_Playback	7
../Core/Src/main.c:398:6:Stop_Bell_Playback	2
../Core/Src/main.c:407:6:HAL_DAC_ConvHalfCpltCallbackCh1	2
../Core/Src/main.c:415:6:HAL_DAC_ConvCpltCallbackCh1	3
../Core/Src/main.c:431:5:main	4
../Core/Src/main.c:496:6:SystemClock_Config	3
../Core/Src/main.c:545:13:MX_DAC_Init	4
../Core/Src/main.c:592:13:MX_SDIO_SD_Init	1
../Core/Src/main.c:620:13:MX_TIM6_Init	3
../Core/Src/main.c:658:13:MX_USART2_UART_Init	2
../Core/Src/main.c:691:13:MX_USART3_UART_Init	2
../Core/Src/main.c:722:13:MX_DMA_Init	1
../Core/Src/main.c:740:13:MX_GPIO_Init	1
../Core/Src/main.c:794:6:Error_Handler	1
